
icetime topological timing analysis report
==========================================

Warning: This timing analysis report is an estimate!
Info: max_span_hack is enabled: estimate is conservative.

Report for critical path:
-------------------------

        lc40_8_4_7 (LogicCell40) [clk] -> lcout: 0.640 ns
     0.640 ns net_14861 (sq_pos_y[1])
        odrv_8_4_14861_16993 (Odrv4) I -> O: 0.372 ns
        t2346 (Span4Mux_h4) I -> O: 0.316 ns
        t2345 (LocalMux) I -> O: 0.330 ns
        inmux_6_2_12550_12574 (InMux) I -> O: 0.260 ns
        lc40_6_2_0 (LogicCell40) in1 -> carryout: 0.260 ns
     2.176 ns t223
        lc40_6_2_1 (LogicCell40) carryin -> carryout: 0.126 ns
     2.302 ns net_12578 ($auto$alumacc.cc:470:replace_alu$1277.C[3])
        inmux_6_2_12578_12588 (InMux) I -> O: 0.260 ns
        lc40_6_2_2 (LogicCell40) in3 -> lcout: 0.316 ns
     2.877 ns net_10356 (u_sq_pos_y[3])
        t1632 (LocalMux) I -> O: 0.330 ns
        inmux_6_3_12673_12714 (InMux) I -> O: 0.260 ns
        lc40_6_3_3 (LogicCell40) in0 -> lcout: 0.449 ns
     3.915 ns net_10516 ($abc$9568$n1364)
        odrv_6_3_10516_12772 (Odrv4) I -> O: 0.372 ns
        t1658 (LocalMux) I -> O: 0.330 ns
        inmux_7_6_15151_15194 (InMux) I -> O: 0.260 ns
        t461 (CascadeMux) I -> O: 0.000 ns
        lc40_7_6_3 (LogicCell40) in2 -> carryout: 0.231 ns
     5.108 ns net_15191 ($auto$alumacc.cc:470:replace_alu$1265.C[4]$2)
        inmux_7_6_15191_15201 (InMux) I -> O: 0.260 ns
        lc40_7_6_4 (LogicCell40) in3 -> lcout: 0.316 ns
     5.683 ns net_12995 ($auto$alumacc.cc:470:replace_alu$1265.C[4])
        t2014 (LocalMux) I -> O: 0.330 ns
        inmux_7_6_15145_15207 (InMux) I -> O: 0.260 ns
        lc40_7_6_5 (LogicCell40) in3 -> lcout: 0.316 ns
     6.587 ns net_12996 (sq_fig_y[4])
        odrv_7_6_12996_11021 (Odrv4) I -> O: 0.372 ns
        t2044 (Span4Mux_v4) I -> O: 0.372 ns
        t2043 (LocalMux) I -> O: 0.330 ns
        inmux_5_9_11297_11331 (InMux) I -> O: 0.260 ns
        lc40_5_9_1 (LogicCell40) in0 -> lcout: 0.449 ns
     8.369 ns net_9144 ($abc$9568$n772)
        odrv_5_9_9144_11159 (Odrv4) I -> O: 0.372 ns
        t1518 (Span4Mux_v4) I -> O: 0.372 ns
        t1517 (LocalMux) I -> O: 0.330 ns
        inmux_5_12_11663_11715 (InMux) I -> O: 0.260 ns
        lc40_5_12_3 (LogicCell40) in3 -> lcout: 0.316 ns
    10.017 ns net_9515 ($abc$9568$n1039)
        odrv_5_12_9515_11630 (Odrv12) I -> O: 0.540 ns
        t1553 (Span12Mux_h12) I -> O: 0.540 ns
        t1552 (LocalMux) I -> O: 0.330 ns
        inmux_7_11_15761_15833 (InMux) I -> O: 0.260 ns
        t498 (CascadeMux) I -> O: 0.000 ns
        lc40_7_11_7 (LogicCell40) in2 -> lcout: 0.379 ns
    12.065 ns net_13613 ($abc$9568$n1040)
        t2218 (LocalMux) I -> O: 0.330 ns
        inmux_7_10_15640_15705 (InMux) I -> O: 0.260 ns
        lc40_7_10_6 (LogicCell40) in3 -> lcout: 0.316 ns
    12.970 ns net_13489 ($abc$9568$n1063)
        t2205 (LocalMux) I -> O: 0.330 ns
        inmux_6_10_13546_13583 (InMux) I -> O: 0.260 ns
        t390 (CascadeMux) I -> O: 0.000 ns
        lc40_6_10_4 (LogicCell40) in2 -> lcout: 0.379 ns
    13.938 ns net_11378 ($abc$9568$n1064)
        t1778 (LocalMux) I -> O: 0.330 ns
        inmux_6_10_13536_13563 (InMux) I -> O: 0.260 ns
        lc40_6_10_1 (LogicCell40) in0 -> lcout: 0.449 ns
    14.976 ns net_11375 ($abc$9568$n776_1)
        odrv_6_10_11375_9403 (Odrv4) I -> O: 0.372 ns
        t1785 (Span4Mux_v4) I -> O: 0.372 ns
        t1784 (LocalMux) I -> O: 0.330 ns
        inmux_4_9_9191_9254 (InMux) I -> O: 0.260 ns
    16.308 ns net_9254 ($abc$9568$n776_1)
        lc40_4_9_6 (LogicCell40) in1 [setup]: 0.379 ns
    16.687 ns net_7178 (vga_b_r[1])

Resolvable net names on path:
     0.640 ns ..  1.916 ns sq_pos_y[1]
     2.302 ns ..  2.562 ns $auto$alumacc.cc:470:replace_alu$1277.C[3]
     2.877 ns ..  3.466 ns u_sq_pos_y[3]
     3.915 ns ..  4.876 ns $abc$9568$n1364
     5.108 ns ..  5.367 ns $auto$alumacc.cc:470:replace_alu$1265.C[4]$2
     5.683 ns ..  6.272 ns $auto$alumacc.cc:470:replace_alu$1265.C[4]
     6.587 ns ..  7.920 ns sq_fig_y[4]
     8.369 ns ..  9.701 ns $abc$9568$n772
    10.017 ns .. 11.686 ns $abc$9568$n1039
    12.065 ns .. 12.654 ns $abc$9568$n1040
    12.970 ns .. 13.559 ns $abc$9568$n1063
    13.938 ns .. 14.527 ns $abc$9568$n1064
    14.976 ns .. 16.308 ns $abc$9568$n776_1
                  lcout -> vga_b_r[1]

Total number of logic levels: 14
Total path delay: 16.69 ns (59.93 MHz)

